Script started on Fri 20 Nov 2015 05:44:39 PST
[cbui005@hammer rshell]$ bin/rshell

rShell [Version 20151119 cmdHistory & Pipe]

rShell supports absolute and relative path to executable.
rShell built-in commands:
  cd [PATH]                           # Change working directory.
  exit [0-9 (optional)]               # Exit rShell <with optional exit code>.
  test [-e|-f|-d (optional)] [PATH]   # Test file.
  verbose [on|off]                    # Toggle verbose output.
  viewcmdhistory                      # View command history.
  [ [-e|-f|-d (optional)] [PATH] ]    # Test file.
  UP/DOWN arrow key                   # Navigate through command history.
  LEFT/RIGHT arrow key                # Navigate in the cmdBuffer.
  BACKSPACE                           # Took me quite a while to make this work.
rShell supports connectors:
  ;                                   # Execute unconditionally.
  &&                                  # Execute if the previous command succ.
  ||                                  # Execute if the previous command fail.
  > [PATH]                            # Redirect stdout to a file.

[cbui005@hammer.cs.ucr.edu:-rshell-2180994:~/workspace:[rShell<0>]$ test -e src && echo "exists"
exists

[cbui005@hammer.cs.ucr.edu:-rshell-2180994:~/workspace:[rShell<1>]$ test -f src && echo "exists"

[cbui005@hammer.cs.ucr.edu:-rshell-2180994:~/workspace:[rShell<2>]$ test -d src && echo "exists"
exists

[cbui005@hammer.cs.ucr.edu:-rshell-2180994:~/workspace:[rShell<3>]$ test -e main.cpp && echo "exists"

[cbui005@hammer.cs.ucr.edu:-rshell-2180994:~/workspace:[rShell<4>]$ test -d tests && echo "exists"   
exists

[cbui005@hammer.cs.ucr.edu:-rshell-2180994:~/workspace:[rShell<5>]$ test -ef src && echo "exists"     
Invalid flag: -ef

[cbui005@hammer.cs.ucr.edu:-rshell-2180994:~/workspace:[rShell<6>]$ test "-f" src && echo "exists"     

[cbui005@hammer.cs.ucr.edu:-rshell-2180994:~/workspace:[rShell<7>]$ "test" -e main.cpp && echo "exists"
exec failed: No such file or directory

[cbui005@hammer.cs.ucr.edu:-rshell-2180994:~/workspace:[rShell<8>]$ [ -e src ] && echo "exists"     
exists

[cbui005@hammer.cs.ucr.edu:-rshell-2180994:~/workspace:[rShell<9>]$ [ -f src ] && echo "exists"     

[cbui005@hammer.cs.ucr.edu:-rshell-2180994:~/workspace:[rShell<10>]$ [-e src ] && echo "exists"     
exec failed: No such file or directory

[cbui005@hammer.cs.ucr.edu:-rshell-2180994:~/workspace:[rShell<11>]$ [ "-e src" ] && echo "exists"     
Invalid flag: -e src

[cbui005@hammer.cs.ucr.edu:-rshell-2180994:~/workspace:[rShell<12>]$ [[ "-e src" ]] && echo "exists"
exec failed: No such file or directory

[cbui005@hammer.cs.ucr.edu:-rshell-2180994:~/workspace:[rShell<13>]$ [ -e src# ] && echo "exists"     
[: missing ']'

[cbui005@hammer.cs.ucr.edu:-rshell-2180994:~/workspace:[rShell<14>]$ [ src ] && echo "exists"
exists

[cbui005@hammer.cs.ucr.edu:-rshell-2180994:~/workspace:[rShell<15>]$ exit

Exit


Script done on Fri 20 Nov 2015 05:47:12 PST
